[2026-09-14T22:36:12Z] === ENRICH ITERATION 4 START | repo=BurntSushi/jiff sha=93954952 ===
[2026-09-14T22:36:12Z] [iter=4] PHASE START: enrich repo=BurntSushi/jiff sha=93954952 runlog=/home/runner/work/forx/forx/storage/aggregate/lsp/logs/93954952-enrich-iter-004.log output=/home/runner/work/forx/forx/storage/aggregate/lsp/939549520e6004b051b02c8b5f74973b833f3670.nq.gz
[2026-09-14T22:36:25Z] [iter=4] Step 1: Loading AST into disk-backed store mem_mb=80 MB
[2026-09-14T22:36:54Z] [iter=4] AST store loaded triples=3336235 load_secs=28 mem_mb=940 MB
[2026-09-14T22:36:54Z] [iter=4] Step 2: Finding LSP targets mem_mb=940 MB
[2026-09-14T22:37:03Z] [iter=4] LSP targets found call_sites=24401 imports=176 extends=0 implements=164 secs=10
[2026-09-14T22:37:07Z] [iter=4] Loaded checkpoint partial graph triples=91321
[2026-09-14T22:37:15Z] [iter=4] Step 2.7: Building position index (one-shot, shared across resolvers) mem_mb=940 MB
[2026-09-14T22:37:36Z] [iter=4] Position index built positions=230336 nodes_with_types=267935 secs=21 mem_mb=978 MB
[2026-09-14T22:37:36Z] [iter=4] Step 3: Starting LSP resolution mem_mb=978 MB already_completed_types=[] already_completed_files=49
[2026-09-14T22:37:36Z] [iter=4] Resolving target type target_type=call_site count=24401
[2026-09-14T22:38:01Z] [iter=4] HEARTBEAT target_type=call_site elapsed_min=1.8 files_done=0 resolved=0 errors=0 current=src/fmt/util.rs
[2026-09-14T22:40:53Z] [iter=4] HEARTBEAT target_type=call_site elapsed_min=4.7 files_done=1 resolved=6 errors=95 current=bench/src/print.rs
[2026-09-14T22:46:37Z] [iter=4] HEARTBEAT target_type=call_site elapsed_min=10.4 files_done=3 resolved=33 errors=330 current=src/util/libm.rs
[2026-09-14T22:47:35Z] [iter=4] HEARTBEAT target_type=call_site elapsed_min=11.4 files_done=6 resolved=42 errors=370 current=src/util/t.rs
[2026-09-14T22:49:57Z] [iter=4] HEARTBEAT target_type=call_site elapsed_min=13.8 files_done=7 resolved=46 errors=468 current=crates/jiff-cli/cmd/generate/mod.rs
[2026-09-14T22:52:57Z] [iter=4] HEARTBEAT target_type=call_site elapsed_min=16.7 files_done=10 resolved=144 errors=591 current=src/fmt/temporal/mod.rs
[2026-09-14T22:53:51Z] [iter=4] HEARTBEAT target_type=call_site elapsed_min=17.7 files_done=11 resolved=215 errors=628 current=crates/jiff-cli/cmd/generate/unit_designator_match.rs
[2026-09-14T23:03:01Z] [iter=4] HEARTBEAT target_type=call_site elapsed_min=26.8 files_done=13 resolved=353 errors=1006 current=src/fmt/serde.rs
[2026-09-14T23:05:51Z] [iter=4] HEARTBEAT target_type=call_site elapsed_min=29.7 files_done=14 resolved=447 errors=1123 current=src/civil/weekday.rs
[2026-09-14T23:08:02Z] [iter=4] HEARTBEAT target_type=call_site elapsed_min=31.8 files_done=15 resolved=460 errors=1212 current=tests/tc39_262/civil/time/add.rs
[2026-09-14T23:12:07Z] [iter=4] HEARTBEAT target_type=call_site elapsed_min=35.9 files_done=16 resolved=518 errors=1380 current=src/tz/db/concatenated/enabled.rs
[2026-09-14T23:13:56Z] [iter=4] HEARTBEAT target_type=call_site elapsed_min=37.7 files_done=17 resolved=590 errors=1455 current=src/fmt/friendly/parser.rs
[2026-09-14T23:19:07Z] [iter=4] HEARTBEAT target_type=call_site elapsed_min=42.9 files_done=18 resolved=819 errors=1669 current=src/tz/posix.rs
[2026-09-14T23:20:05Z] [iter=4] HEARTBEAT target_type=call_site elapsed_min=43.9 files_done=19 resolved=838 errors=1709 current=crates/jiff-diesel/src/postgres.rs
[2026-09-14T23:20:39Z] [iter=4] HEARTBEAT target_type=call_site elapsed_min=44.5 files_done=21 resolved=850 errors=1732 current=crates/jiff-icu/src/error.rs
[2026-09-14T23:21:11Z] [iter=4] HEARTBEAT target_type=call_site elapsed_min=45.0 files_done=25 resolved=871 errors=1754 current=src/tz/system/mod.rs
[2026-09-14T23:22:14Z] [iter=4] HEARTBEAT target_type=call_site elapsed_min=46.0 files_done=26 resolved=895 errors=1797 current=examples/diesel-mysql/main.rs
[2026-09-14T23:24:00Z] [iter=4] HEARTBEAT target_type=call_site elapsed_min=47.8 files_done=28 resolved=927 errors=1870 current=crates/jiff-cli/args/mod.rs
[2026-09-14T23:24:53Z] [iter=4] HEARTBEAT target_type=call_site elapsed_min=48.7 files_done=29 resolved=953 errors=1906 current=crates/jiff-static/src/shared/util/escape.rs
[2026-09-14T23:30:13Z] [iter=4] HEARTBEAT target_type=call_site elapsed_min=54.0 files_done=31 resolved=974 errors=2126 current=crates/jiff-static/src/shared/util/utf8.rs
[2026-09-14T23:32:37Z] [iter=4] HEARTBEAT target_type=call_site elapsed_min=56.4 files_done=34 resolved=1085 errors=2223 current=src/util/round/increment.rs
[2026-09-14T23:33:13Z] [iter=4] HEARTBEAT target_type=call_site elapsed_min=57.0 files_done=35 resolved=1094 errors=2248 current=src/tz/db/bundled/enabled.rs
[2026-09-14T23:37:05Z] [iter=4] HEARTBEAT target_type=call_site elapsed_min=60.9 files_done=37 resolved=1139 errors=2409 current=crates/jiff-icu/src/lib.rs
[2026-09-14T23:38:09Z] [iter=4] HEARTBEAT target_type=call_site elapsed_min=62.0 files_done=38 resolved=1149 errors=2452 current=src/tz/testdata.rs
[2026-09-14T23:38:49Z] [iter=4] HEARTBEAT target_type=call_site elapsed_min=62.6 files_done=41 resolved=1220 errors=2479 current=crates/jiff-diesel/src/sqlite.rs
[2026-09-14T23:40:13Z] [iter=4] HEARTBEAT target_type=call_site elapsed_min=64.0 files_done=44 resolved=1251 errors=2537 current=crates/jiff-diesel/src/nullable.rs
[2026-09-14T23:41:04Z] [iter=4] HEARTBEAT target_type=call_site elapsed_min=64.9 files_done=45 resolved=1274 errors=2570 current=bench/src/tz.rs
[2026-09-14T23:41:49Z] [iter=4] HEARTBEAT target_type=call_site elapsed_min=65.6 files_done=47 resolved=1310 errors=2601 current=src/util/fs.rs
[2026-09-14T23:42:36Z] [iter=4] HEARTBEAT target_type=call_site elapsed_min=66.4 files_done=50 resolved=1325 errors=2633 current=src/util/borrow.rs
[2026-09-14T23:44:11Z] [iter=4] HEARTBEAT target_type=call_site elapsed_min=68.0 files_done=52 resolved=1343 errors=2697 current=src/tz/system/unix.rs
[2026-09-14T23:44:50Z] [iter=4] HEARTBEAT target_type=call_site elapsed_min=68.6 files_done=56 resolved=1381 errors=2723 current=src/tz/system/android.rs
[2026-09-14T23:45:32Z] [iter=4] HEARTBEAT target_type=call_site elapsed_min=69.3 files_done=59 resolved=1397 errors=2751 current=crates/jiff-sqlx/src/sqlite.rs
[2026-09-14T23:46:11Z] [iter=4] HEARTBEAT target_type=call_site elapsed_min=70.0 files_done=62 resolved=1406 errors=2778 current=src/logging.rs
[2026-09-14T23:46:54Z] [iter=4] HEARTBEAT target_type=call_site elapsed_min=70.7 files_done=66 resolved=1441 errors=2806 current=crates/jiff-icu/src/traits.rs
[2026-09-14T23:47:29Z] [iter=4] HEARTBEAT target_type=call_site elapsed_min=71.3 files_done=73 resolved=1521 errors=2829 current=crates/jiff-diesel/src/wrappers.rs
[2026-09-14T23:48:00Z] [iter=4] HEARTBEAT target_type=call_site elapsed_min=71.8 files_done=77 resolved=1526 errors=2849 current=src/civil/mod.rs
[2026-09-14T23:48:15Z] [iter=4] Target type resolved target_type=call_site resolved=1531 errors=2859 secs=4239 mem_mb=993 MB
[2026-09-14T23:48:15Z] [iter=4] Resolving target type target_type=import_statement count=176
[2026-09-14T23:48:31Z] [iter=4] HEARTBEAT target_type=import_statement elapsed_min=72.3 files_done=2 resolved=4 errors=0 current=crates/jiff-cli/logger.rs
[2026-09-14T23:48:33Z] [iter=4] Target type resolved target_type=import_statement resolved=62 errors=0 secs=18 mem_mb=993 MB
[2026-09-14T23:48:33Z] [iter=4] Resolving target type target_type=implements_clause count=164
[2026-09-14T23:48:49Z] [iter=4] Target type resolved target_type=implements_clause resolved=88 errors=0 secs=16 mem_mb=993 MB
[2026-09-14T23:49:19Z] [iter=4] Step 5: Writing final enrichment file triples=165948
[2026-09-14T23:49:22Z] [iter=4] Enrichment file written path=/home/runner/work/forx/forx/storage/aggregate/lsp/939549520e6004b051b02c8b5f74973b833f3670.nq.gz size_kb=3427
[2026-09-14T23:49:22Z] [iter=4] Checkpoint cleared (enrichment complete)
[2026-09-14T23:49:22Z] [iter=4] PHASE END: enrich elapsed_s=4390 elapsed_min=73.2 total_triples=165948
